SET 1
STORE 7
JUMP 440
SET 1
STORE 17
LOAD 13
STORE 19
LOAD 11
STORE 2
STORE 5
LOAD 15
STORE 1
STORE 4
SET 1
STORE 3
SET 0
STORE 6
LOAD 1
JZERO 74
SUB 2
JZERO 23
LOAD 2
JUMP 72
LOAD 5
SUB 4
JZERO 33
LOAD 3
ADD 3
STORE 3
LOAD 4
ADD 4
STORE 4
JUMP 23
LOAD 4
SUB 5
JPOS 66
LOAD 5
SUB 4
STORE 5
LOAD 6
ADD 3
STORE 6
JUMP 73
LOAD 4
HALF
STORE 4
JPOS 49
LOAD 1
STORE 4
LOAD 5
SUB 4
STORE 5
LOAD 3
HALF
STORE 3
JPOS 58
SET 1
STORE 3
LOAD 6
ADD 3
STORE 6
SET 1
STORE 3
LOAD 1
STORE 4
JUMP 23
LOAD 3
SUB 7
JZERO 73
JUMP 43
LOAD 6
ADD 4
STORE 6
LOAD 5
STORE 18
SET 0
STORE 1
LOAD 19
SUB 1
JZERO 431
JUMP 81
LOAD 19
STORE 2
STORE 5
SET 2
STORE 1
STORE 4
SET 1
STORE 3
SET 0
STORE 6
LOAD 1
JZERO 148
SUB 2
JZERO 97
LOAD 2
JUMP 146
LOAD 5
SUB 4
JZERO 107
LOAD 3
ADD 3
STORE 3
LOAD 4
ADD 4
STORE 4
JUMP 97
LOAD 4
SUB 5
JPOS 140
LOAD 5
SUB 4
STORE 5
LOAD 6
ADD 3
STORE 6
JUMP 147
LOAD 4
HALF
STORE 4
JPOS 123
LOAD 1
STORE 4
LOAD 5
SUB 4
STORE 5
LOAD 3
HALF
STORE 3
JPOS 132
SET 1
STORE 3
LOAD 6
ADD 3
STORE 6
SET 1
STORE 3
LOAD 1
STORE 4
JUMP 97
LOAD 3
SUB 7
JZERO 147
JUMP 117
LOAD 6
ADD 4
STORE 6
LOAD 5
STORE 20
LOAD 20
STORE 1
SET 1
STORE 2
SUB 1
JPOS 159
LOAD 1
SUB 2
JPOS 159
JUMP 160
JUMP 261
LOAD 17
STORE 1
LOAD 18
STORE 2
SET 0
STORE 3
LOAD 2
JZERO 191
SUB 7
JZERO 188
LOAD 2
HALF
STORE 4
ADD 4
STORE 4
LOAD 2
SUB 4
JZERO 181
LOAD 3
ADD 1
STORE 3
LOAD 1
ADD 1
STORE 1
LOAD 2
HALF
STORE 2
JUMP 166
LOAD 3
ADD 1
STORE 3
LOAD 3
STORE 17
LOAD 17
STORE 2
STORE 5
LOAD 15
STORE 1
STORE 4
SET 1
STORE 3
SET 0
STORE 6
LOAD 1
JZERO 260
SUB 2
JZERO 209
LOAD 2
JUMP 258
LOAD 5
SUB 4
JZERO 219
LOAD 3
ADD 3
STORE 3
LOAD 4
ADD 4
STORE 4
JUMP 209
LOAD 4
SUB 5
JPOS 252
LOAD 5
SUB 4
STORE 5
LOAD 6
ADD 3
STORE 6
JUMP 259
LOAD 4
HALF
STORE 4
JPOS 235
LOAD 1
STORE 4
LOAD 5
SUB 4
STORE 5
LOAD 3
HALF
STORE 3
JPOS 244
SET 1
STORE 3
LOAD 6
ADD 3
STORE 6
SET 1
STORE 3
LOAD 1
STORE 4
JUMP 209
LOAD 3
SUB 7
JZERO 259
JUMP 229
LOAD 6
ADD 4
STORE 6
LOAD 5
STORE 17
LOAD 19
STORE 2
STORE 5
SET 2
STORE 1
STORE 4
SET 1
STORE 3
SET 0
STORE 6
LOAD 1
JZERO 326
SUB 2
JZERO 277
SET 0
JUMP 326
LOAD 5
SUB 4
JZERO 287
LOAD 3
ADD 3
STORE 3
LOAD 4
ADD 4
STORE 4
JUMP 277
LOAD 4
SUB 5
JPOS 320
LOAD 5
SUB 4
STORE 5
LOAD 6
ADD 3
STORE 6
JUMP 327
LOAD 4
HALF
STORE 4
JPOS 303
LOAD 1
STORE 4
LOAD 5
SUB 4
STORE 5
LOAD 3
HALF
STORE 3
JPOS 312
SET 1
STORE 3
LOAD 6
ADD 3
STORE 6
SET 1
STORE 3
LOAD 1
STORE 4
JUMP 277
LOAD 3
SUB 7
JZERO 327
JUMP 297
LOAD 6
ADD 4
STORE 6
LOAD 6
STORE 19
LOAD 18
STORE 1
LOAD 18
STORE 2
SET 0
STORE 3
LOAD 2
JZERO 360
SUB 7
JZERO 357
LOAD 2
HALF
STORE 4
ADD 4
STORE 4
LOAD 2
SUB 4
JZERO 350
LOAD 3
ADD 1
STORE 3
LOAD 1
ADD 1
STORE 1
LOAD 2
HALF
STORE 2
JUMP 335
LOAD 3
ADD 1
STORE 3
LOAD 3
STORE 18
LOAD 18
STORE 2
STORE 5
LOAD 15
STORE 1
STORE 4
SET 1
STORE 3
SET 0
STORE 6
LOAD 1
JZERO 429
SUB 2
JZERO 378
LOAD 2
JUMP 427
LOAD 5
SUB 4
JZERO 388
LOAD 3
ADD 3
STORE 3
LOAD 4
ADD 4
STORE 4
JUMP 378
LOAD 4
SUB 5
JPOS 421
LOAD 5
SUB 4
STORE 5
LOAD 6
ADD 3
STORE 6
JUMP 428
LOAD 4
HALF
STORE 4
JPOS 404
LOAD 1
STORE 4
LOAD 5
SUB 4
STORE 5
LOAD 3
HALF
STORE 3
JPOS 413
SET 1
STORE 3
LOAD 6
ADD 3
STORE 6
SET 1
STORE 3
LOAD 1
STORE 4
JUMP 378
LOAD 3
SUB 7
JZERO 428
JUMP 398
LOAD 6
ADD 4
STORE 6
LOAD 5
STORE 18
JUMP 75
LOAD 11
STOREI 10
LOAD 13
STOREI 12
LOAD 15
STOREI 14
LOAD 17
STOREI 16
JUMPI 9
GET 21
GET 22
GET 23
SET 21
STORE 10
LOAD 21
STORE 11
SET 22
STORE 12
LOAD 22
STORE 13
SET 23
STORE 14
LOAD 23
STORE 15
SET 24
STORE 16
LOAD 24
STORE 17
SET 462
STORE 9
JUMP 3
PUT 24
HALT