SET 1
STORE 7
JUMP 348
LOAD 11
STORE 20
LOAD 13
STORE 21
SET 1
STORE 15
SET 0
STORE 17
LOAD 13
STORE 22
SET 1
STORE 1
LOAD 11
SUB 1
STORE 23
SET 0
STORE 1
LOAD 21
SUB 1
JZERO 335
JUMP 24
LOAD 20
STORE 2
STORE 5
LOAD 21
STORE 1
STORE 4
SET 1
STORE 3
SET 0
STORE 6
LOAD 1
JZERO 91
SUB 2
JZERO 40
LOAD 2
JUMP 89
LOAD 5
SUB 4
JZERO 50
LOAD 3
ADD 3
STORE 3
LOAD 4
ADD 4
STORE 4
JUMP 40
LOAD 4
SUB 5
JPOS 83
LOAD 5
SUB 4
STORE 5
LOAD 6
ADD 3
STORE 6
JUMP 90
LOAD 4
HALF
STORE 4
JPOS 66
LOAD 1
STORE 4
LOAD 5
SUB 4
STORE 5
LOAD 3
HALF
STORE 3
JPOS 75
SET 1
STORE 3
LOAD 6
ADD 3
STORE 6
SET 1
STORE 3
LOAD 1
STORE 4
JUMP 40
LOAD 3
SUB 7
JZERO 90
JUMP 60
LOAD 6
ADD 4
STORE 6
LOAD 5
STORE 24
LOAD 20
STORE 2
STORE 5
LOAD 21
STORE 1
STORE 4
SET 1
STORE 3
SET 0
STORE 6
LOAD 1
JZERO 157
SUB 2
JZERO 108
SET 0
JUMP 157
LOAD 5
SUB 4
JZERO 118
LOAD 3
ADD 3
STORE 3
LOAD 4
ADD 4
STORE 4
JUMP 108
LOAD 4
SUB 5
JPOS 151
LOAD 5
SUB 4
STORE 5
LOAD 6
ADD 3
STORE 6
JUMP 158
LOAD 4
HALF
STORE 4
JPOS 134
LOAD 1
STORE 4
LOAD 5
SUB 4
STORE 5
LOAD 3
HALF
STORE 3
JPOS 143
SET 1
STORE 3
LOAD 6
ADD 3
STORE 6
SET 1
STORE 3
LOAD 1
STORE 4
JUMP 108
LOAD 3
SUB 7
JZERO 158
JUMP 128
LOAD 6
ADD 4
STORE 6
LOAD 6
STORE 25
LOAD 21
STORE 20
LOAD 24
STORE 21
LOAD 22
STORE 26
LOAD 25
STORE 1
LOAD 22
STORE 2
SET 0
STORE 3
LOAD 2
JZERO 197
SUB 7
JZERO 194
LOAD 2
HALF
STORE 4
ADD 4
STORE 4
LOAD 2
SUB 4
JZERO 187
LOAD 3
ADD 1
STORE 3
LOAD 1
ADD 1
STORE 1
LOAD 2
HALF
STORE 2
JUMP 172
LOAD 3
ADD 1
STORE 3
LOAD 3
STORE 28
LOAD 15
STORE 1
LOAD 28
SUB 1
JZERO 239
JUMP 205
LOAD 13
STORE 1
LOAD 25
STORE 2
SET 0
STORE 3
LOAD 2
JZERO 236
SUB 7
JZERO 233
LOAD 2
HALF
STORE 4
ADD 4
STORE 4
LOAD 2
SUB 4
JZERO 226
LOAD 3
ADD 1
STORE 3
LOAD 1
ADD 1
STORE 1
LOAD 2
HALF
STORE 2
JUMP 211
LOAD 3
ADD 1
STORE 3
LOAD 3
STORE 22
JUMP 241
SET 0
STORE 22
LOAD 22
ADD 15
STORE 22
LOAD 22
SUB 28
STORE 22
LOAD 23
STORE 27
LOAD 25
STORE 1
LOAD 23
STORE 2
SET 0
STORE 3
LOAD 2
JZERO 280
SUB 7
JZERO 277
LOAD 2
HALF
STORE 4
ADD 4
STORE 4
LOAD 2
SUB 4
JZERO 270
LOAD 3
ADD 1
STORE 3
LOAD 1
ADD 1
STORE 1
LOAD 2
HALF
STORE 2
JUMP 255
LOAD 3
ADD 1
STORE 3
LOAD 3
STORE 28
LOAD 17
STORE 1
LOAD 28
SUB 1
JZERO 322
JUMP 288
LOAD 11
STORE 1
LOAD 25
STORE 2
SET 0
STORE 3
LOAD 2
JZERO 319
SUB 7
JZERO 316
LOAD 2
HALF
STORE 4
ADD 4
STORE 4
LOAD 2
SUB 4
JZERO 309
LOAD 3
ADD 1
STORE 3
LOAD 1
ADD 1
STORE 1
LOAD 2
HALF
STORE 2
JUMP 294
LOAD 3
ADD 1
STORE 3
LOAD 3
STORE 23
JUMP 324
SET 0
STORE 23
LOAD 23
ADD 17
STORE 23
LOAD 23
SUB 28
STORE 23
LOAD 26
STORE 15
LOAD 27
STORE 17
JUMP 18
LOAD 20
STORE 19
LOAD 11
STOREI 10
LOAD 13
STOREI 12
LOAD 15
STOREI 14
LOAD 17
STOREI 16
LOAD 19
STOREI 18
JUMPI 9
GET 29
GET 30
SET 29
STORE 10
LOAD 29
STORE 11
SET 30
STORE 12
LOAD 30
STORE 13
SET 31
STORE 14
LOAD 31
STORE 15
SET 32
STORE 16
LOAD 32
STORE 17
SET 33
STORE 18
LOAD 33
STORE 19
SET 373
STORE 9
JUMP 3
PUT 31
PUT 32
PUT 33
HALT